// Jest Snapshot v1, https://goo.gl/fbAQLP

exports[`MyComponent renders 1`] = `<div>nodejs</div>`;
